../Core/Src/main.c:106:5:main	8	static
../Core/Src/main.c:175:6:SystemClock_Config	80	static
../Core/Src/main.c:214:13:MX_SPI1_Init	8	static
../Core/Src/main.c:254:13:MX_TIM1_Init	96	static
../Core/Src/main.c:329:13:MX_TIM3_Init	32	static
../Core/Src/main.c:375:13:MX_GPIO_Init	48	static
../Core/Src/main.c:411:6:Update_Display	16	static
../Core/Src/main.c:425:6:EXTI4_15_IRQHandler	8	static
../Core/Src/main.c:432:6:HAL_TIM_PeriodElapsedCallback	24	static,ignoring_inline_asm
../Core/Src/main.c:455:6:Test_Segments	16	static
../Core/Src/main.c:478:6:Test_Segments_2	16	static
../Core/Src/main.c:503:6:Error_Handler	8	static,ignoring_inline_asm
